=\pretest.json 
{
  _: [],
  f: [
    'C:\\Users\\3337r\\OneDrive\\Desktop\\Vlab\\exp-pca-dei\\experiment\\pretest.json'
  ],
  files: [
    'C:\\Users\\3337r\\OneDrive\\Desktop\\Vlab\\exp-pca-dei\\experiment\\pretest.json'
  ],
  c: 'assessment',
  contentTypes: 'assessment',
  'content-types': 'assessment',
  '$0': 'validate'
}
Validated true
=\posttest.json 
{
  _: [],
  f: [
    'C:\\Users\\3337r\\OneDrive\\Desktop\\Vlab\\exp-pca-dei\\experiment\\posttest.json'
  ],
  files: [
    'C:\\Users\\3337r\\OneDrive\\Desktop\\Vlab\\exp-pca-dei\\experiment\\posttest.json'
  ],
  c: 'assessment',
  contentTypes: 'assessment',
  'content-types': 'assessment',
  '$0': 'validate'
}
Validated true
